// Jest Snapshot v1, https://goo.gl/fbAQLP

exports[`Toogle should render Toogle 1`] = `
<div
  className="a-toggle mars-neptune "
>
  <label
    htmlFor="voce-quer-ir-ao-cinema-t-input"
    id="voce-quer-ir-ao-cinema-t-label"
  >
    Você quer ir ao cinema?
  </label>
  <input
    aria-checked={true}
    aria-labelledby="voce-quer-ir-ao-cinema-t-label"
    checked={true}
    id="voce-quer-ir-ao-cinema-t-input"
    name="voce-quer-ir-ao-cinema"
    onChange={[Function]}
    title="Marcar um cinema com os amigos?"
    type="checkbox"
  />
  <span
    className="a-toggle__shape"
  />
</div>
`;
